------------------------------------------------------------
TimeQuest Timing Analyzer Summary
------------------------------------------------------------

Type  : Slow 1200mV 85C Model Setup 'ctrl[4]'
Slack : -4.999
TNS   : -4.999

Type  : Slow 1200mV 85C Model Setup 'clk'
Slack : -4.238
TNS   : -16.434

Type  : Slow 1200mV 85C Model Hold 'clk'
Slack : 0.356
TNS   : 0.000

Type  : Slow 1200mV 85C Model Hold 'ctrl[4]'
Slack : 2.596
TNS   : 0.000

Type  : Slow 1200mV 85C Model Minimum Pulse Width 'clk'
Slack : -3.000
TNS   : -7.000

Type  : Slow 1200mV 85C Model Minimum Pulse Width 'ctrl[4]'
Slack : -3.000
TNS   : -3.000

Type  : Slow 1200mV 0C Model Setup 'ctrl[4]'
Slack : -4.328
TNS   : -4.328

Type  : Slow 1200mV 0C Model Setup 'clk'
Slack : -3.692
TNS   : -14.356

Type  : Slow 1200mV 0C Model Hold 'clk'
Slack : 0.310
TNS   : 0.000

Type  : Slow 1200mV 0C Model Hold 'ctrl[4]'
Slack : 2.329
TNS   : 0.000

Type  : Slow 1200mV 0C Model Minimum Pulse Width 'clk'
Slack : -3.000
TNS   : -7.000

Type  : Slow 1200mV 0C Model Minimum Pulse Width 'ctrl[4]'
Slack : -3.000
TNS   : -3.000

Type  : Fast 1200mV 0C Model Setup 'ctrl[4]'
Slack : -2.470
TNS   : -2.470

Type  : Fast 1200mV 0C Model Setup 'clk'
Slack : -1.962
TNS   : -7.558

Type  : Fast 1200mV 0C Model Hold 'clk'
Slack : 0.116
TNS   : 0.000

Type  : Fast 1200mV 0C Model Hold 'ctrl[4]'
Slack : 1.455
TNS   : 0.000

Type  : Fast 1200mV 0C Model Minimum Pulse Width 'clk'
Slack : -3.000
TNS   : -7.109

Type  : Fast 1200mV 0C Model Minimum Pulse Width 'ctrl[4]'
Slack : -3.000
TNS   : -3.000

------------------------------------------------------------
